---
source: crates/sandcastle-project/src/crd.rs
expression: yaml
---
apiVersion: sandcastle.dev/v1
kind: SandcastleProject
metadata:
  name: test
  namespace: default
spec:
  resources:
  - name: web-server
    kind: HelmChart
    spec:
      chart: ingress-nginx
      repository: https://kubernetes.github.io/ingress-nginx
      version: 4.8.0
  - name: database
    kind: HelmChart
    spec:
      chart: ingress-nginx
      repository: https://kubernetes.github.io/ingress-nginx
      version: 4.8.0
  - name: app
    kind: HelmChart
    spec:
      chart: oci://my-registry.com/my-charts/my-app
      version: 4.8.0
      overrides:
        key: value
  destination:
    namespace: default
    server: https://kubernetes.example.com
